../Core/Src/main.c:113:5:main	8	static
../Core/Src/main.c:164:6:SystemClock_Config	88	static
../Core/Src/main.c:208:13:MX_ADC1_Init	24	static
../Core/Src/main.c:255:13:MX_TIM1_Init	80	static
../Core/Src/main.c:320:13:MX_TIM2_Init	32	static
../Core/Src/main.c:365:13:MX_TIM3_Init	64	static
../Core/Src/main.c:425:13:MX_USART1_UART_Init	8	static
../Core/Src/main.c:458:13:MX_GPIO_Init	40	static
../Core/Src/main.c:521:6:printf_uart	16	static
../Core/Src/main.c:526:6:changeARR	16	static
../Core/Src/main.c:534:6:changemod	16	static
../Core/Src/main.c:571:6:HAL_UART_RxCpltCallback	16	static
../Core/Src/main.c:590:6:HAL_TIM_PeriodElapsedCallback	16	static
../Core/Src/main.c:596:6:HAL_TIM_OC_DelayElapsedCallback	56	static
../Core/Src/main.c:629:6:HAL_TIM_PWM_PulseFinishedCallback	16	static
../Core/Src/main.c:647:6:HAL_GPIO_EXTI_Callback	16	static
../Core/Src/main.c:673:6:HAL_ADC_ConvCpltCallback	24	static
../Core/Src/main.c:689:6:Error_Handler	4	static,ignoring_inline_asm
