../Core/Src/main.c:107:5:main	8	static
../Core/Src/main.c:157:6:SystemClock_Config	88	static
../Core/Src/main.c:201:13:MX_ADC1_Init	24	static
../Core/Src/main.c:248:13:MX_TIM1_Init	80	static
../Core/Src/main.c:313:13:MX_TIM2_Init	32	static
../Core/Src/main.c:358:13:MX_USART1_UART_Init	8	static
../Core/Src/main.c:391:13:MX_GPIO_Init	40	static
../Core/Src/main.c:437:6:printf_uart	16	static
../Core/Src/main.c:442:6:changeARR	16	static
../Core/Src/main.c:450:6:changemod	16	static
../Core/Src/main.c:484:6:HAL_UART_RxCpltCallback	16	static
../Core/Src/main.c:492:6:HAL_TIM_PeriodElapsedCallback	16	static
../Core/Src/main.c:498:6:HAL_TIM_PWM_PulseFinishedCallback	16	static
../Core/Src/main.c:516:6:HAL_GPIO_EXTI_Callback	16	static
../Core/Src/main.c:542:6:HAL_ADC_ConvCpltCallback	24	static
../Core/Src/main.c:558:6:Error_Handler	4	static,ignoring_inline_asm
